// Jest Snapshot v1, https://goo.gl/fbAQLP

exports[`SearchInput Component should render Component correctly 1`] = `
<Center
  color="white"
  h="20vh"
  m="auto"
  maxW="500px"
  minW="300px"
>
  <FormControl
    onSubmit={[Function]}
  >
    <InputGroup
      size="md"
    >
      <Controller
        control={
          Object {
            "defaultValuesRef": Object {
              "current": Object {
                "diet": "balanced",
                "health": "tree-nut-free",
                "input": "",
                "to": 4,
              },
            },
            "fieldArrayDefaultValuesRef": Object {
              "current": Object {},
            },
            "fieldArrayNamesRef": Object {
              "current": Set {},
            },
            "fieldArrayValuesRef": Object {
              "current": Object {},
            },
            "fieldsRef": Object {
              "current": Object {},
            },
            "fieldsWithValidationRef": Object {
              "current": Object {},
            },
            "formState": Object {
              "dirtyFields": Object {},
              "errors": Object {},
              "isDirty": false,
              "isSubmitSuccessful": false,
              "isSubmitted": false,
              "isSubmitting": false,
              "isValid": true,
              "isValidating": false,
              "submitCount": 0,
              "touched": Object {},
            },
            "formStateRef": Object {
              "current": Object {
                "dirtyFields": Object {},
                "errors": Object {},
                "isDirty": false,
                "isSubmitSuccessful": false,
                "isSubmitted": false,
                "isSubmitting": false,
                "isValid": true,
                "isValidating": false,
                "submitCount": 0,
                "touched": Object {},
              },
            },
            "getValues": [Function],
            "isFormDirty": [Function],
            "mode": Object {
              "isOnAll": false,
              "isOnBlur": false,
              "isOnChange": true,
              "isOnSubmit": false,
              "isOnTouch": false,
            },
            "reValidateMode": Object {
              "isReValidateOnBlur": false,
              "isReValidateOnChange": true,
            },
            "readFormStateRef": Object {
              "current": Object {
                "constructor": true,
                "dirtyFields": true,
                "errors": true,
                "isDirty": true,
                "isSubmitSuccessful": true,
                "isSubmitted": true,
                "isSubmitting": true,
                "isValid": true,
                "isValidating": true,
                "submitCount": true,
                "touched": true,
              },
            },
            "register": [Function],
            "removeFieldEventListener": [Function],
            "resetFieldArrayFunctionRef": Object {
              "current": Object {},
            },
            "setValue": [Function],
            "shallowFieldsStateRef": Object {
              "current": Object {},
            },
            "shouldUnregister": true,
            "trigger": [Function],
            "unregister": [Function],
            "updateFormState": [Function],
            "updateWatchedValue": [Function],
            "useWatchFieldsRef": Object {
              "current": Object {},
            },
            "useWatchRenderFunctionsRef": Object {
              "current": Object {},
            },
            "validFieldsRef": Object {
              "current": Object {},
            },
            "validateResolver": undefined,
            "watchInternal": [Function],
          }
        }
        data-testid="a"
        defaultValue=""
        name="input"
        render={[Function]}
        rules={
          Object {
            "required": true,
          }
        }
      />
      <InputRightElement
        width="4.5rem"
      >
        <Button
          colorScheme="blue"
          h="1.75rem"
          id="button"
          isDisabled={true}
          onClick={[Function]}
          size="sm"
          variant="solid"
        >
          Search
        </Button>
      </InputRightElement>
    </InputGroup>
    <FormHelperText
      fontStyle="oblique"
      mb="0.5rem"
      textAlign="center"
    >
      Select the number of recipies, the diet and the type of meal
    </FormHelperText>
    <Flex
      align="center"
      justify="space-around"
    >
      <Controller
        control={
          Object {
            "defaultValuesRef": Object {
              "current": Object {
                "diet": "balanced",
                "health": "tree-nut-free",
                "input": "",
                "to": 4,
              },
            },
            "fieldArrayDefaultValuesRef": Object {
              "current": Object {},
            },
            "fieldArrayNamesRef": Object {
              "current": Set {},
            },
            "fieldArrayValuesRef": Object {
              "current": Object {},
            },
            "fieldsRef": Object {
              "current": Object {},
            },
            "fieldsWithValidationRef": Object {
              "current": Object {},
            },
            "formState": Object {
              "dirtyFields": Object {},
              "errors": Object {},
              "isDirty": false,
              "isSubmitSuccessful": false,
              "isSubmitted": false,
              "isSubmitting": false,
              "isValid": true,
              "isValidating": false,
              "submitCount": 0,
              "touched": Object {},
            },
            "formStateRef": Object {
              "current": Object {
                "dirtyFields": Object {},
                "errors": Object {},
                "isDirty": false,
                "isSubmitSuccessful": false,
                "isSubmitted": false,
                "isSubmitting": false,
                "isValid": true,
                "isValidating": false,
                "submitCount": 0,
                "touched": Object {},
              },
            },
            "getValues": [Function],
            "isFormDirty": [Function],
            "mode": Object {
              "isOnAll": false,
              "isOnBlur": false,
              "isOnChange": true,
              "isOnSubmit": false,
              "isOnTouch": false,
            },
            "reValidateMode": Object {
              "isReValidateOnBlur": false,
              "isReValidateOnChange": true,
            },
            "readFormStateRef": Object {
              "current": Object {
                "constructor": true,
                "dirtyFields": true,
                "errors": true,
                "isDirty": true,
                "isSubmitSuccessful": true,
                "isSubmitted": true,
                "isSubmitting": true,
                "isValid": true,
                "isValidating": true,
                "submitCount": true,
                "touched": true,
              },
            },
            "register": [Function],
            "removeFieldEventListener": [Function],
            "resetFieldArrayFunctionRef": Object {
              "current": Object {},
            },
            "setValue": [Function],
            "shallowFieldsStateRef": Object {
              "current": Object {},
            },
            "shouldUnregister": true,
            "trigger": [Function],
            "unregister": [Function],
            "updateFormState": [Function],
            "updateWatchedValue": [Function],
            "useWatchFieldsRef": Object {
              "current": Object {},
            },
            "useWatchRenderFunctionsRef": Object {
              "current": Object {},
            },
            "validFieldsRef": Object {
              "current": Object {},
            },
            "validateResolver": undefined,
            "watchInternal": [Function],
          }
        }
        data-testid="b"
        defaultValue={4}
        name="to"
        render={[Function]}
      />
      <Controller
        control={
          Object {
            "defaultValuesRef": Object {
              "current": Object {
                "diet": "balanced",
                "health": "tree-nut-free",
                "input": "",
                "to": 4,
              },
            },
            "fieldArrayDefaultValuesRef": Object {
              "current": Object {},
            },
            "fieldArrayNamesRef": Object {
              "current": Set {},
            },
            "fieldArrayValuesRef": Object {
              "current": Object {},
            },
            "fieldsRef": Object {
              "current": Object {},
            },
            "fieldsWithValidationRef": Object {
              "current": Object {},
            },
            "formState": Object {
              "dirtyFields": Object {},
              "errors": Object {},
              "isDirty": false,
              "isSubmitSuccessful": false,
              "isSubmitted": false,
              "isSubmitting": false,
              "isValid": true,
              "isValidating": false,
              "submitCount": 0,
              "touched": Object {},
            },
            "formStateRef": Object {
              "current": Object {
                "dirtyFields": Object {},
                "errors": Object {},
                "isDirty": false,
                "isSubmitSuccessful": false,
                "isSubmitted": false,
                "isSubmitting": false,
                "isValid": true,
                "isValidating": false,
                "submitCount": 0,
                "touched": Object {},
              },
            },
            "getValues": [Function],
            "isFormDirty": [Function],
            "mode": Object {
              "isOnAll": false,
              "isOnBlur": false,
              "isOnChange": true,
              "isOnSubmit": false,
              "isOnTouch": false,
            },
            "reValidateMode": Object {
              "isReValidateOnBlur": false,
              "isReValidateOnChange": true,
            },
            "readFormStateRef": Object {
              "current": Object {
                "constructor": true,
                "dirtyFields": true,
                "errors": true,
                "isDirty": true,
                "isSubmitSuccessful": true,
                "isSubmitted": true,
                "isSubmitting": true,
                "isValid": true,
                "isValidating": true,
                "submitCount": true,
                "touched": true,
              },
            },
            "register": [Function],
            "removeFieldEventListener": [Function],
            "resetFieldArrayFunctionRef": Object {
              "current": Object {},
            },
            "setValue": [Function],
            "shallowFieldsStateRef": Object {
              "current": Object {},
            },
            "shouldUnregister": true,
            "trigger": [Function],
            "unregister": [Function],
            "updateFormState": [Function],
            "updateWatchedValue": [Function],
            "useWatchFieldsRef": Object {
              "current": Object {},
            },
            "useWatchRenderFunctionsRef": Object {
              "current": Object {},
            },
            "validFieldsRef": Object {
              "current": Object {},
            },
            "validateResolver": undefined,
            "watchInternal": [Function],
          }
        }
        data-testid="c"
        defaultValue="balanced"
        name="diet"
        render={[Function]}
      />
      <Controller
        control={
          Object {
            "defaultValuesRef": Object {
              "current": Object {
                "diet": "balanced",
                "health": "tree-nut-free",
                "input": "",
                "to": 4,
              },
            },
            "fieldArrayDefaultValuesRef": Object {
              "current": Object {},
            },
            "fieldArrayNamesRef": Object {
              "current": Set {},
            },
            "fieldArrayValuesRef": Object {
              "current": Object {},
            },
            "fieldsRef": Object {
              "current": Object {},
            },
            "fieldsWithValidationRef": Object {
              "current": Object {},
            },
            "formState": Object {
              "dirtyFields": Object {},
              "errors": Object {},
              "isDirty": false,
              "isSubmitSuccessful": false,
              "isSubmitted": false,
              "isSubmitting": false,
              "isValid": true,
              "isValidating": false,
              "submitCount": 0,
              "touched": Object {},
            },
            "formStateRef": Object {
              "current": Object {
                "dirtyFields": Object {},
                "errors": Object {},
                "isDirty": false,
                "isSubmitSuccessful": false,
                "isSubmitted": false,
                "isSubmitting": false,
                "isValid": true,
                "isValidating": false,
                "submitCount": 0,
                "touched": Object {},
              },
            },
            "getValues": [Function],
            "isFormDirty": [Function],
            "mode": Object {
              "isOnAll": false,
              "isOnBlur": false,
              "isOnChange": true,
              "isOnSubmit": false,
              "isOnTouch": false,
            },
            "reValidateMode": Object {
              "isReValidateOnBlur": false,
              "isReValidateOnChange": true,
            },
            "readFormStateRef": Object {
              "current": Object {
                "constructor": true,
                "dirtyFields": true,
                "errors": true,
                "isDirty": true,
                "isSubmitSuccessful": true,
                "isSubmitted": true,
                "isSubmitting": true,
                "isValid": true,
                "isValidating": true,
                "submitCount": true,
                "touched": true,
              },
            },
            "register": [Function],
            "removeFieldEventListener": [Function],
            "resetFieldArrayFunctionRef": Object {
              "current": Object {},
            },
            "setValue": [Function],
            "shallowFieldsStateRef": Object {
              "current": Object {},
            },
            "shouldUnregister": true,
            "trigger": [Function],
            "unregister": [Function],
            "updateFormState": [Function],
            "updateWatchedValue": [Function],
            "useWatchFieldsRef": Object {
              "current": Object {},
            },
            "useWatchRenderFunctionsRef": Object {
              "current": Object {},
            },
            "validFieldsRef": Object {
              "current": Object {},
            },
            "validateResolver": undefined,
            "watchInternal": [Function],
          }
        }
        data-testid="d"
        defaultValue="tree-nut-free"
        name="health"
        render={[Function]}
      />
    </Flex>
  </FormControl>
</Center>
`;
