// Jest Snapshot v1, https://goo.gl/fbAQLP

exports[`SelectHealth Component should render Component correctly 1`] = `
<Controller
  data-testid="d"
  defaultValue="tree-nut-free"
  name="health"
  render={[Function]}
/>
`;
